===== Training Started =====
LR: 0.001
Batch Size: 32
Optimizer: Adam
Epochs: 5
============================
Epoch 1
Loss: 0.3573
Accuracy: 0.7675
LR: 0.001
Batch Size: 32
Optimizer: Adam
Epoch 2
Loss: 0.2752
Accuracy: 0.6325
LR: 0.001
Batch Size: 32
Optimizer: Adam
Epoch 3
Loss: 0.7957
Accuracy: 0.6176
LR: 0.001
Batch Size: 32
Optimizer: Adam
Epoch 4
Loss: 0.6441
Accuracy: 0.5295
LR: 0.001
Batch Size: 32
Optimizer: Adam
Epoch 5
Loss: 0.9729
Accuracy: 0.9280
LR: 0.001
Batch Size: 32
Optimizer: Adam
===== Training Finished =====
