===== Training Started =====
LR: 0.001
Batch Size: 32
Optimizer: Adam
Epochs: 5
============================
Epoch 1
Loss: 0.2501
Accuracy: 0.7281
LR: 0.001
Batch Size: 32
Optimizer: Adam
Epoch 2
Loss: 0.7132
Accuracy: 0.7218
LR: 0.001
Batch Size: 32
Optimizer: Adam
Epoch 3
Loss: 0.1541
Accuracy: 0.5236
LR: 0.001
Batch Size: 32
Optimizer: Adam
Epoch 4
Loss: 0.3722
Accuracy: 0.9389
LR: 0.001
Batch Size: 32
Optimizer: Adam
Epoch 5
Loss: 0.1656
Accuracy: 0.8383
LR: 0.001
Batch Size: 32
Optimizer: Adam
===== Training Finished =====
