===== Training Started =====
LR: 0.001
Batch Size: 32
Optimizer: Adam
Epochs: 5
============================
Epoch 1
Loss: 0.3042
Accuracy: 0.6435
LR: 0.001
Batch Size: 32
Optimizer: Adam
Epoch 2
Loss: 0.6610
Accuracy: 0.8492
LR: 0.001
Batch Size: 32
Optimizer: Adam
Epoch 3
Loss: 0.6682
Accuracy: 0.6405
LR: 0.001
Batch Size: 32
Optimizer: Adam
Epoch 4
Loss: 0.3237
Accuracy: 0.5069
LR: 0.001
Batch Size: 32
Optimizer: Adam
Epoch 5
Loss: 0.3993
Accuracy: 0.9838
LR: 0.001
Batch Size: 32
Optimizer: Adam
===== Training Finished =====
